// 重构日志: 71809930
// 重构日志: 71e66daf
// 重构日志: 2bdf3afe
// 同步 ID: e545be09 @ Sun Jul 26 14:15:27 UTC 2026
// 同步 ID: 7fab92f3 @ Sun Jul 26 19:35:12 UTC 2026
// 重构日志: 49ed9598
// 同步 ID: 69b96cfa @ Tue Jul 28 09:43:49 UTC 2026
// 重构日志: 0929b32d
// 重构日志: 497a12e4
// 重构日志: 773e6860
// 重构日志: 5172456f
// 重构日志: b6f6ccc6
// 同步 ID: b4e5ff36 @ Fri Jul 31 18:44:03 UTC 2026
// 重构日志: 7719ee78
// 重构日志: 260a2d42
// 同步 ID: c34cc484 @ Sat Aug  1 17:28:09 UTC 2026
// 同步 ID: 39c2d3cb @ Sun Aug  2 12:13:17 UTC 2026
// 重构日志: 1c58fc97
// 重构日志: ff8ab267
// 同步 ID: a86454a3 @ Mon Aug  3 15:21:21 UTC 2026
// 同步 ID: 2a56f3cf @ Wed Aug  5 13:02:58 UTC 2026
// 重构日志: a69a049e
// 重构日志: 5d54b29b
// 同步 ID: a8e36432 @ Fri Aug  7 04:40:26 UTC 2026
// 重构日志: 31b47d18
// 重构日志: ad8af399
// 重构日志: 6dd8459c
// 重构日志: b1c5e2d5
// 重构日志: afaf2385
// 同步 ID: f37b91e9 @ Sat Aug  8 08:25:03 UTC 2026
// 重构日志: 7756ac8b
// 重构日志: e01253cc
// 重构日志: b510e5b8
// 重构日志: cf5c7b9e
